Stack starts at 00000000802FF000
Stack ends at 00000000802FE000
Observed stack start: 00000000802FEFBC
Main starts at 00000000800021AA
Prime buffer starts at 0000000080028000
Probe buffer starts at 0000000080030000
Allocating page at vaddr: 0x80028000, paddr: 0x80038000, colour: 0
Allocating page at vaddr: 0x80029000, paddr: 0x8003c000, colour: 0
Allocating page at vaddr: 0x8002a000, paddr: 0x80040000, colour: 0
Allocating page at vaddr: 0x8002b000, paddr: 0x80044000, colour: 0
Allocating page at vaddr: 0x8002c000, paddr: 0x80048000, colour: 0
Allocating page at vaddr: 0x8002d000, paddr: 0x8004c000, colour: 0
Allocating page at vaddr: 0x8002e000, paddr: 0x80050000, colour: 0
Allocating page at vaddr: 0x8002f000, paddr: 0x80054000, colour: 0
Allocating page at vaddr: 0x80030000, paddr: 0x80058000, colour: 0
Allocating page at vaddr: 0x80031000, paddr: 0x8005c000, colour: 0
Allocating page at vaddr: 0x80032000, paddr: 0x80060000, colour: 0
Allocating page at vaddr: 0x80033000, paddr: 0x80064000, colour: 0
Allocating page at vaddr: 0x80034000, paddr: 0x80068000, colour: 0
Allocating page at vaddr: 0x80035000, paddr: 0x8006c000, colour: 0
Allocating page at vaddr: 0x80036000, paddr: 0x80070000, colour: 0
Allocating page at vaddr: 0x80037000, paddr: 0x80074000, colour: 0
prime_buffer[0] = 0xdeadbeefdeadbeef
probe_buffer[0] = 0xcafebabecafebabe
prime_buffer[1] = 0xdeadbeefdeadbef0
probe_buffer[1] = 0xcafebabecafebabf
prime_buffer[2] = 0xdeadbeefdeadbef1
probe_buffer[2] = 0xcafebabecafebac0
prime_buffer[3] = 0xdeadbeefdeadbef2
probe_buffer[3] = 0xcafebabecafebac1
prime_buffer[4] = 0xdeadbeefdeadbef3
probe_buffer[4] = 0xcafebabecafebac2
prime_buffer[5] = 0xdeadbeefdeadbef4
probe_buffer[5] = 0xcafebabecafebac3
prime_buffer[6] = 0xdeadbeefdeadbef5
probe_buffer[6] = 0xcafebabecafebac4
prime_buffer[7] = 0xdeadbeefdeadbef6
probe_buffer[7] = 0xcafebabecafebac5
Prime and probe buffers initialized successfully. Staring tests... 
Progress: 0/8192
Progress: 1000/8192
Progress: 2000/8192
Progress: 3000/8192
Progress: 4000/8192
Progress: 5000/8192
Progress: 6000/8192
Progress: 7000/8192
Progress: 8000/8192
Test completed. Results:
3 10151
6 7598
12 7668
24 8002
49 8982
35 8470
7 7568
14 7736
29 8147
58 9184
53 8998
42 8767
21 7901
43 8616
23 8221
46 8721
29 8352
59 9290
55 8894
46 8647
28 8420
56 8971
49 8980
35 8585
7 7645
15 7611
30 8118
60 9276
57 9084
51 9148
39 8420
15 7778
30 8183
61 9155
58 9168
52 9083
40 8416
17 7944
35 8449
7 7571
14 7827
29 8253
58 9193
53 8986
43 8796
22 8097
45 8693
26 8081
52 9002
41 8704
19 7958
39 8450
15 7891
31 8329
63 9057
62 9139
60 9187
57 9288
51 9063
39 8550
14 7707
29 8273
58 9276
53 9079
43 8786
22 8151
44 8681
24 7977
49 8887
34 8441
4 7463
8 7440
17 7961
35 8457
7 7526
14 7685
29 8205
59 9114
55 8900
47 8786
31 8393
62 9168
60 9163
56 8913
49 8899
35 8530
6 7712
13 7780
27 8216
55 8951
46 8716
28 8180
56 9055
49 8965
34 8431
5 7600
11 7797
22 8005
44 8649
25 8207
51 8849
39 8535
15 7661
30 8191
60 9257
57 9169
51 9024
39 8610
15 7629
30 8165
61 9096
59 9102
55 9181
46 8673
29 8214
58 9198
52 9049
40 8629
17 7924
34 8410
4 7625
8 7443
17 7981
34 8422
4 7438
9 7662
19 7878
38 8504
13 7687
26 8205
52 8936
41 8665
19 8145
38 8346
13 7837
27 8183
55 9095
47 8648
31 8207
63 9191
62 9207
61 9272
58 9286
52 8965
40 8373
16 7923
33 8485
2 7690
4 7403
8 7425
16 7675
32 8161
0 7191
1 7384
3 7379
6 7443
12 7677
24 7963
48 8804
33 8436
3 7600
7 7515
14 7724
29 8186
58 9200
53 8995
42 8717
20 8014
40 8383
17 7941
34 8392
4 7585
8 7546
17 7947
35 8446
7 7517
15 7659
30 8172
60 9285
56 9072
48 8717
33 8472
2 7644
4 7512
8 7518
16 7628
33 8338
2 7454
5 7444
11 7697
22 7985
45 8760
26 8264
52 9010
40 8543
16 7665
33 8469
3 7443
7 7438
14 7652
29 8155
58 9343
53 9024
42 8720
21 8078
42 8622
20 7959
41 8654
19 7930
38 8384
12 7703
25 8224
51 9160
38 8530
13 7900
27 8349
54 8866
45 8696
27 8191
55 9000
46 8699
28 8218
57 9240
50 9007
36 8399
8 7443
17 7894
35 8399
7 7469
14 7691
29 8188
59 9361
55 8965
47 8677
30 8237
61 9254
59 9231
55 8983
46 8650
29 8259
59 9125
55 9014
46 8724
28 8193
56 9020
48 8640
33 8305
2 7787
4 7495
8 7407
16 7664
33 8353
2 7618
4 7488
8 7428
17 7979
35 8472
7 7560
14 7717
29 8117
58 9225
52 8865
40 8417
16 7860
33 8420
2 7532
5 7443
10 7689
21 7921
42 8763
21 8050
42 8823
20 7835
40 8378
16 7806
32 8245
0 7237
1 7423
3 7420
7 7379
14 7701
28 8243
56 9050
49 8875
35 8485
6 7422
12 7601
25 8260
51 8984
39 8433
15 7887
31 8141
63 9197
62 9263
61 9172
59 9227
55 8969
46 8716
28 8248
57 9292
51 8888
39 8476
15 7881
30 8160
61 9229
58 9213
52 8920
40 8380
16 7783
32 8140
0 7380
0 7299
1 7479
2 7510
4 7441
9 7698
19 7847
39 8396
15 7724
31 8244
63 9095
62 9236
61 9137
59 9176
54 8944
45 8796
27 8234
55 9031
47 8699
30 8398
61 9269
58 9109
52 9133
41 8685
19 8073
38 8434
12 7719
25 8187
50 8993
36 8488
9 7950
18 8028
36 8474
8 7476
16 7721
33 8483
3 7671
6 7454
13 7700
27 8200
54 8944
44 8829
24 8060
48 8723
33 8380
3 7581
7 7504
15 7723
31 8152
62 9149
60 9221
56 9160
48 8592
32 8293
0 7409
1 7450
2 7380
4 7455
9 7661
18 7967
36 8374
9 7861
18 7981
37 8487
11 7763
22 7928
44 8608
24 8104
48 8726
33 8393
3 7545
7 7434
14 7714
29 8189
59 9276
54 9036
44 8643
24 8010
49 8999
34 8372
5 7640
11 7713
22 7916
44 8652
24 7975
49 9017
34 8441
4 7369
8 7379
16 7688
33 8352
2 7466
4 7380
8 7485
16 7695
32 8166
0 7408
0 7155
0 7155
0 7155
1 7403
2 7438
5 7422
11 7674
22 7938
44 8598
25 8306
50 8875
37 8384
11 7637
23 7994
46 8726
29 8332
58 9279
53 8994
43 8747
22 8051
44 8566
24 7985
48 8769
32 8328
0 7371
0 7503
0 7249
1 7366
2 7396
5 7420
11 7667
23 7912
46 8779
28 8267
57 9275
51 9024
38 8498
13 7762
26 8061
52 8996
41 8819
18 8076
37 8445
10 7735
20 8043
41 8662
19 8154
39 8428
14 7758
29 8110
58 9329
52 9093
41 8650
18 7957
37 8453
11 7808
23 7968
47 8764
30 8211
61 9179
59 9285
55 9036
46 8676
28 8328
57 9208
51 8960
39 8632
14 7769
28 8229
56 8898
48 8824
33 8472
2 7581
5 7480
11 7693
22 7905
44 8689
24 8045
48 8757
32 8251
0 7381
0 7201
1 7379
2 7447
4 7443
8 7443
16 7611
32 8180
0 7223
1 7395
3 7470
7 7443
15 7660
30 8154
61 9113
58 9192
53 8954
42 8629
20 8178
40 8548
16 7798
32 8158
0 7444
1 7573
2 7494
4 7407
9 7705
19 7968
38 8411
13 7756
27 8246
55 8946
47 8632
31 8375
62 9243
61 9233
58 9197
53 9138
42 8734
21 7896
43 8686
23 7950
47 8642
31 8381
63 9199
63 8993
63 9244
62 9048
61 9281
58 9121
53 8960
42 8752
20 8027
41 8704
18 8014
37 8398
11 7673
23 8019
47 8721
30 8321
61 9146
59 9140
54 9072
45 8825
27 8228
54 8924
44 8630
24 7968
49 9004
34 8460
4 7421
9 7630
19 7973
39 8377
15 7853
30 8173
60 9144
56 9080
48 8779
33 8667
3 7454
6 7432
13 7674
26 8227
53 8864
43 8742
23 8010
47 8565
31 8244
63 9213
62 9364
61 9206
58 9128
53 9017
42 8566
21 7976
43 8746
22 7926
45 8722
27 8403
55 9044
47 8780
31 8200
63 9262
62 9132
60 9266
56 8899
49 8942
34 8447
4 7532
9 7693
19 7969
39 8394
15 7700
31 8209
63 9257
63 9292
62 9274
61 9251
58 9254
53 8972
43 8837
23 8019
46 8728
28 8188
56 8905
48 8724
33 8459
2 7637
4 7641
9 7723
18 7918
37 8424
11 7692
22 7920
45 8584
26 8223
52 8919
41 8614
18 8041
36 8317
8 7559
16 7766
32 8219
0 7266
1 7498
2 7466
4 7443
9 7661
18 7921
36 8390
8 7582
16 7650
33 8459
3 7476
7 7435
14 7709
28 8219
56 8977
49 9079
34 8443
5 7567
10 7686
21 7909
42 8628
20 8068
40 8493
16 7743
32 8259
0 7193
0 7155
0 7155
0 7155
0 7155
0 7155
1 7425
2 7435
5 7439
11 7665
22 7905
44 8664
25 8308
51 8919
39 8622
14 7984
29 8227
58 9167
52 9043
40 8418
16 7766
32 8231
1 7480
3 7443
7 7457
14 7673
28 8179
56 8908
49 8894
35 8427
7 7689
15 7669
30 8257
61 9256
58 9128
52 9035
41 8736
19 7969
38 8451
13 7761
26 8137
52 8809
40 8587
16 7698
32 8185
0 7363
0 7265
0 7263
1 7381
3 7410
7 7475
15 7648
31 8213
63 9212
63 9289
62 9189
60 9159
56 9109
49 8841
34 8344
4 7704
8 7520
17 7888
34 8392
5 7682
10 7725
21 7918
43 8793
23 8028
47 8744
31 8328
62 9285
60 9334
57 9150
50 8921
36 8458
9 7659
19 7864
38 8414
13 7723
27 8176
55 9127
47 8729
31 8208
62 9121
60 9178
56 9144
48 8771
33 8404
2 7525
5 7498
10 7699
20 7931
40 8352
17 8151
34 8381
4 7611
8 7420
16 7620
32 8212
1 7515
3 7525
6 7380
12 7651
25 8142
51 8858
38 8456
13 7821
26 8212
52 8960
41 8709
18 7988
37 8447
10 7780
20 7871
41 8665
18 7977
37 8450
11 7740
22 7951
44 8639
24 7970
48 8661
33 8492
3 7696
6 7597
13 7685
26 8109
53 9025
42 8864
21 7994
43 8748
22 7915
44 8675
25 8219
51 8909
39 8531
14 7807
29 8219
59 9211
55 8941
46 8719
28 8134
56 9019
49 8947
34 8569
4 7531
9 7630
18 7882
36 8477
8 7571
16 7739
33 8488
2 7463
5 7379
10 7636
21 7984
42 8646
21 8176
43 8650
22 7984
44 8795
24 7962
49 8982
35 8514
6 7600
13 7812
26 8167
52 8962
41 8912
18 8039
36 8396
9 7751
19 7978
39 8361
14 7652
29 8261
59 9221
55 9010
47 8730
31 8270
63 9192
62 9139
61 9174
58 9284
52 9012
40 8596
16 7674
32 8086
0 7263
1 7443
3 7358
6 7443
13 7749
26 8222
53 9056
43 8673
22 8040
45 8674
26 8275
52 9062
40 8540
17 7901
34 8325
4 7808
8 7441
17 7883
35 8510
7 7670
15 7761
31 8214
63 9221
62 9226
61 9262
59 9208
54 9037
45 8784
26 8256
52 8997
40 8455
17 7928
35 8474
7 7600
15 7791
31 8249
63 9342
62 9070
60 9159
56 9050
49 9081
35 8639
7 7545
15 7665
31 8125
63 9223
63 9222
63 9156
62 9176
61 9227
58 9116
52 8887
41 8720
19 8206
38 8459
12 7761
24 7893
48 8730
33 8461
2 7607
5 7395
11 7744
23 7991
46 8651
29 8250
59 9117
54 9034
45 8737
27 8136
55 8904
46 8741
28 8209
57 9184
50 8943
37 8628
11 7876
23 8018
47 8732
31 8167
63 9260
63 9338
63 9140
63 9199
63 9188
62 9031
60 9237
57 9114
50 9075
37 8456
10 7925
21 7944
42 8787
20 7916
41 8633
19 7949
38 8421
13 7809
27 8064
55 9012
46 8714
29 8318
59 8994
55 9013
47 8643
30 8328
60 9272
57 9192
50 9080
37 8454
10 7762
21 8043
42 8793
21 8001
42 8745
20 8051
40 8358
17 7947
35 8342
6 7487
12 7649
24 7899
48 8611
32 8247
1 7576
2 7443
5 7453
10 7641
21 7968
43 8677
23 8013
46 8620
29 8258
59 9223
55 8926
46 8704
28 8224
56 8992
48 8762
32 8330
1 7524
2 7537
5 7421
10 7659
21 7915
42 8686
20 8036
40 8377
17 8042
34 8415
5 7691
10 7640
20 7961
40 8437
17 7952
34 8488
5 7546
11 7687
23 7951
46 8605
28 8309
57 9248
51 9031
38 8546
13 7883
26 8226
53 9029
43 8733
22 8207
45 8759
26 8248
53 8983
43 8520
22 7960
44 8713
24 7929
48 8728
32 8176
1 7379
2 7392
5 7443
11 7656
23 7893
47 8628
31 8227
62 9181
61 9208
59 9226
54 9031
45 8771
26 8126
52 8912
40 8441
16 7697
32 8313
0 7383
1 7395
3 7475
7 7465
15 7606
31 8237
63 9273
63 9332
62 9217
61 9187
58 9289
52 9043
40 8597
17 7965
34 8456
4 7466
9 7703
18 7923
36 8433
9 7744
18 7918
36 8446
8 7465
16 7651
32 8156
1 7515
3 7585
7 7504
15 7686
31 8213
62 9266
60 9218
56 9046
49 9045
34 8583
5 7455
10 7716
20 7905
40 8427
17 8036
35 8466
6 7500
13 7679
27 8234
54 8963
44 8632
24 8127
49 8915
35 8494
7 7540
15 7743
30 8168
61 9401
59 9265
54 8935
44 8678
24 8078
48 8712
33 8414
2 7543
4 7459
8 7454
17 7876
35 8373
7 7511
14 7614
29 8198
58 9081
53 8822
42 8720
20 8070
40 8462
16 7746
32 8188
0 7299
0 7155
0 7155
0 7155
0 7155
1 7371
3 7439
7 7373
15 7711
30 8196
61 9269
59 9183
55 9142
46 8693
28 8274
56 8951
48 8726
32 8147
0 7191
0 7249
1 7428
2 7379
4 7443
8 7475
17 7988
35 8433
7 7695
15 7650
31 8149
63 9242
63 9193
62 9225
60 9222
57 9256
50 8919
37 8417
11 7773
23 7955
47 8741
31 8060
63 9334
62 9199
61 9271
58 9189
52 8994
40 8393
17 8053
34 8394
4 7769
9 7946
18 7987
36 8508
8 7595
16 7649
32 8170
1 7469
2 7379
5 7378
11 7656
22 7911
45 8669
27 8293
54 9013
45 8774
26 8348
52 9010
40 8455
17 7885
35 8500
7 7538
15 7739
30 8135
60 9118
56 8935
49 9021
35 8571
6 7662
12 7631
25 8166
50 8983
36 8528
9 7730
18 7909
36 8426
8 7692
17 7911
35 8431
7 7670
14 7656
29 8196
59 9203
55 9066
46 8901
28 8294
56 9012
49 8975
34 8480
4 7487
8 7492
17 7936
35 8481
7 7479
15 7656
31 8204
62 9306
61 9289
58 9293
53 8915
42 8855
20 8116
41 8641
18 8030
36 8389
8 7548
16 7631
32 8311
0 7249
0 7155
1 7443
2 7407
5 7475
11 7643
22 7871
45 8740
26 8368
52 8921
40 8423
16 7795
32 8269
1 7379
3 7424
7 7418
14 7699
28 8214
57 9160
50 8967
37 8408
10 7923
21 8014
42 8596
20 8020
40 8373
16 7743
33 8469
3 7613
7 7582
14 7728
29 8108
59 9185
54 8845
44 8770
25 8242
51 8929
38 8576
13 7765
26 8238
52 8953
40 8473
17 7902
35 8430
7 7635
15 7739
31 8233
63 9276
62 9208
60 9264
56 8827
49 8982
34 8632
4 7595
8 7533
16 7639
32 8222
1 7551
2 7443
4 7379
8 7465
17 7966
35 8475
7 7569
14 7728
28 8203
57 9207
51 8959
38 8615
12 7888
25 8251
51 8968
38 8477
12 7985
25 8158
50 8829
36 8433
9 7739
18 7912
37 8462
11 7759
22 7935
45 8617
27 8325
55 8944
47 8739
30 8201
61 9325
58 9251
53 9018
43 8865
22 7998
44 8677
24 8093
49 9071
34 8328
4 7736
8 7443
17 8010
35 8417
6 7641
12 7724
24 7941
49 8941
34 8705
4 7686
8 7409
17 7882
35 8458
6 7803
13 7884
27 8116
54 8843
45 8630
26 8205
52 8935
40 8449
17 7974
35 8469
7 7595
15 7713
30 8127
60 9335
56 8926
48 8630
33 8436
2 7562
5 7501
11 7731
23 7929
46 8788
28 8202
57 9125
50 8894
37 8486
11 7886
22 8017
45 8852
27 8315
54 8941
45 8788
26 8399
53 9013
42 8773
21 8195
42 8735
21 8009
42 8722
21 8005
43 8707
22 7981
45 8616
26 8242
53 9002
42 8703
21 8098
42 8614
21 7902
43 8610
22 7913
45 8669
26 8182
52 9008
40 8546
16 7799
32 8157
0 7371
1 7394
2 7357
4 7404
8 7443
17 7900
34 8403
4 7512
9 7626
18 7910
36 8413
9 7679
18 7921
36 8319
8 7710
17 7932
34 8499
4 7487
8 7498
17 7952
35 8422
7 7495
14 7750
29 8170
58 9170
53 9174
42 8878
20 8016
40 8402
16 7871
33 8301
3 7443
6 7455
13 7638
27 8223
54 9020
45 8722
27 8188
54 8970
45 8891
26 8214
52 8946
41 8654
19 8071
38 8469
12 7800
24 7877
48 8645
32 8244
0 7401
0 7300
1 7401
3 7443
6 7407
13 7664
27 8198
55 8973
47 8803
31 8172
63 9252
62 9243
60 9248
57 9251
50 8972
36 8575
8 7488
17 7985
35 8405
7 7436
15 7578
30 8259
60 9249
56 8979
49 8912
35 8391
7 7618
15 7702
31 8285
63 9219
63 9244
63 9187
63 9257
62 9265
60 9166
56 8885
48 8712
33 8526
2 7473
5 7479
11 7648
22 7893
45 8772
27 8327
54 8935
44 8728
25 8250
50 8841
36 8506
8 7477
16 7717
32 8190
0 7285
1 7379
2 7475
5 7382
10 7581
20 7969
41 8676
19 8158
39 8553
14 7734
29 8212
58 9176
53 8930
42 8595
21 8223
43 8657
23 8119
47 8671
30 8219
60 9175
57 9233
51 8892
39 8626
14 7958
29 8211
58 9116
52 9170
40 8483
17 8062
34 8394
4 7452
8 7442
17 7923
34 8418
4 7487
9 7641
18 7964
36 8506
8 7428
16 7714
33 8457
3 7458
6 7536
12 7682
24 7966
48 8710
32 8263
1 7592
2 7544
4 7466
9 7702
19 7899
39 8385
15 7757
30 8241
61 9290
58 9248
52 9037
40 8700
16 7952
33 8412
3 7702
7 7526
15 7678
31 8174
62 9242
61 9099
58 9154
53 9077
42 8877
21 8055
43 8615
22 7989
45 8701
26 8323
52 8970
40 8625
17 8044
35 8411
7 7558
14 7642
29 8176
59 9242
54 9030
45 8685
27 8368
55 8961
47 8775
31 8257
62 9120
60 9260
56 8933
48 8624
32 8229
1 7693
3 7533
7 7421
14 7673
28 8222
57 9248
51 9044
39 8454
15 7884
30 8295
60 9319
57 9341
50 8989
36 8522
9 7824
19 7988
38 8460
12 7817
24 7969
49 8973
34 8634
5 7550
11 7661
22 7942
45 8626
26 8192
52 8902
41 8712
18 8182
36 8423
9 7598
19 8025
39 8487
14 7834
28 8131
56 8980
49 8933
35 8491
7 7643
15 7846
31 8242
63 9241
62 9181
61 9194
58 9299
53 9125
43 8700
23 8167
46 8820
28 8250
56 8928
49 8990
34 8449
5 7479
11 7650
22 7954
44 8577
24 7937
49 8982
35 8524
7 7739
15 7761
30 8136
61 9260
58 9318
52 9064
40 8520
17 8054
35 8396
6 7585
12 7626
25 8186
50 8921
37 8477
11 7742
22 7976
44 8784
25 8265
50 9053
36 8480
9 7932
18 7918
36 8364
8 7524
16 7758
32 8261
1 7362
3 7418
6 7466
12 7723
24 7977
49 8879
34 8414
5 7625
11 7714
22 7898
44 8691
24 8047
48 8581
32 8235
1 7504
3 7575
7 7444
15 7651
30 8215
60 9248
57 9204
51 9028
39 8505
14 7880
29 8206
59 9191
55 8934
47 8698
30 8270
60 9193
57 9141
51 9135
39 8542
15 7852
30 8151
61 9292
58 9189
53 9085
42 8774
21 8037
42 8586
21 7997
42 8729
20 8026
41 8721
19 8024
38 8488
13 7636
27 8107
54 8915
45 8779
27 8097
54 8877
45 8826
27 8233
55 8963
47 8805
30 8199
60 9158
56 9050
48 8799
33 8517
2 7443
5 7480
10 7693
20 7921
41 8587
19 8005
38 8348
13 7768
26 8201
52 8913
41 8737
19 7916
38 8447
12 7763
24 7895
48 8664
33 8513
2 7661
4 7475
8 7466
17 7923
35 8407
6 7512
13 7713
26 8210
52 8942
40 8454
17 7929
35 8400
7 7596
14 7724
28 8184
57 9245
51 8912
38 8474
13 7822
26 8108
52 9070
41 8686
18 8026
37 8464
11 7711
22 7951
45 8777
27 8334
55 8994
46 8719
29 8186
58 9318
52 9090
41 8739
18 7934
36 8471
9 7783
18 7816
37 8410
11 7727
23 7981
46 8637
28 8400
56 8821
49 9009
34 8372
4 7453
9 7563
19 7946
39 8363
14 7848
29 8237
58 9123
52 9016
40 8595
16 7708
33 8421
3 7475
6 7417
12 7717
24 7877
49 8905
35 8574
6 7495
13 7652
26 8155
52 8917
40 8515
17 7918
34 8399
5 7509
11 7664
23 7952
47 8598
30 8178
61 9221
58 9285
53 9006
42 8740
21 7935
42 8637
20 8109
40 8343
16 7714
33 8402
3 7605
7 7443
14 7671
28 8236
57 9022
50 8922
37 8522
10 7872
21 7925
43 8608
23 8102
47 8710
31 8212
62 9150
60 9328
57 9188
50 9065
36 8548
9 7801
18 8100
36 8328
9 7811
19 7956
39 8433
15 7785
30 8186
61 9334
59 9249
55 9179
46 8772
28 8228
56 8843
48 8726
32 8331
1 7472
3 7407
7 7475
15 7741
31 8247
62 9224
61 9196
58 9165
52 8996
40 8540
16 7822
33 8470
2 7416
4 7418
9 7661
18 7938
37 8351
11 7736
22 7864
44 8756
25 8134
50 9001
37 8580
10 7830
21 7944
43 8703
22 7999
45 8778
26 8227
53 8952
43 8736
22 8179
44 8619
24 7989
49 9019
34 8407
5 7589
11 7659
22 7965
44 8656
24 8063
48 8619
33 8419
2 7430
4 7462
8 7407
16 7661
33 8451
2 7540
5 7443
11 7721
23 7994
46 8640
29 8139
58 9253
53 8947
43 8744
23 8028
47 8638
30 8151
61 9349
58 9162
52 8986
40 8467
17 8000
35 8449
7 7575
14 7830
28 8178
56 8900
48 8696
33 8355
2 7657
4 7535
9 7600
18 7943
37 8384
10 7707
20 8017
40 8424
17 8009
34 8415
5 7560
10 7612
21 7913
42 8720
20 8022
40 8428
16 7719
33 8486
2 7447
5 7495
10 7724
20 7955
40 8399
16 7803
32 8211
1 7443
3 7394
6 7420
13 7648
27 8152
55 9030
47 8862
31 8277
62 9237
61 9182
59 9243
55 8993
46 8763
29 8259
58 9227
52 8921
41 8856
18 8159
37 8366
10 7810
21 8034
43 8774
23 7969
47 8745
31 8219
63 9308
62 9159
60 9206
57 9113
50 8997
37 8475
10 7822
21 7902
43 8644
22 8067
45 8699
26 8160
52 8898
40 8576
17 8103
34 8347
4 7598
8 7407
16 7705
33 8469
3 7539
7 7465
15 7639
31 8249
62 9131
61 9182
59 9210
54 8977
44 8635
24 8000
48 8731
33 8481
3 7439
6 7381
13 7699
26 8163
52 8880
41 8649
19 7969
39 8415
15 7732
31 8252
62 9130
60 9221
57 9295
50 8949
36 8576
9 7668
18 7965
37 8353
11 7731
23 7902
47 8704
30 8351
61 9173
58 9183
52 8966
41 8806
18 7865
36 8394
9 7695
18 7917
36 8469
8 7602
17 7958
35 8436
6 7572
13 7701
27 8235
54 9028
44 8619
24 8008
48 8665
32 8136
1 7479
3 7489
6 7514
13 7840
27 8135
54 9057
45 8811
26 8228
53 8922
42 8687
20 7982
40 8403
16 7864
33 8330
3 7634
6 7420
12 7798
24 8048
49 9084
35 8477
6 7379
13 7746
27 8207
54 9023
45 8796
27 8208
54 9046
45 8896
26 8305
53 8940
42 8705
21 8085
42 8666
20 8027
40 8457
16 7856
32 8161
0 7465
1 7441
3 7582
6 7452
12 7798
24 7982
49 9007
34 8417
4 7475
8 7467
17 7828
35 8383
7 7548
15 7808
30 8249
61 9284
59 9075
55 8857
46 8638
28 8244
57 9173
51 8969
39 8453
15 7686
30 8100
61 9180
58 9299
53 8911
42 8605
21 7989
43 8706
22 7948
44 8765
24 8002
48 8860
33 8469
3 7553
7 7428
14 7704
28 8229
56 8934
48 8719
32 8170
0 7335
0 7285
0 7155
0 7155
0 7155
1 7395
3 7463
6 7418
12 7666
24 8005
49 8945
34 8572
4 7479
8 7466
16 7649
33 8456
3 7484
6 7443
12 7647
25 8085
51 8930
38 8458
13 7851
27 8331
55 8974
47 8669
31 8152
63 9186
63 9220
62 9259
61 9260
59 9201
55 9022
46 8864
29 8309
59 9307
54 8910
45 8826
27 8228
54 9045
45 8797
26 8131
53 8831
43 8821
23 8258
47 8722
31 8172
62 9141
61 9197
58 9217
52 8902
41 8762
19 7977
39 8466
14 7731
28 8196
56 9029
48 8785
33 8455
3 7672
6 7547
13 7611
27 8176
55 8969
46 8684
28 8241
56 8982
48 8701
33 8535
2 7590
5 7407
11 7639
23 7915
47 8705
30 8259
61 9192
58 9228
52 9003
41 8763
19 7840
38 8407
12 7830
24 8040
48 8784
32 8165
0 7357
0 7263
0 7285
0 7155
0 7155
0 7155
1 7343
2 7475
5 7379
11 7729
22 7983
45 8781
26 8161
53 8967
43 8762
22 7984
44 8681
25 8318
50 9133
36 8453
9 7710
19 7867
39 8385
14 7726
29 8212
58 9273
52 9089
40 8670
17 7981
35 8507
7 7723
15 7665
30 8237
60 9152
56 9116
49 8940
34 8530
5 7568
10 7717
20 7904
41 8729
18 7906
36 8506
8 7543
17 7849
34 8473
5 7624
11 7739
22 7849
44 8763
25 8261
50 8903
37 8569
11 7825
23 7862
46 8695
28 8323
57 9227
51 8962
39 8553
15 7816
31 8255
62 9225
60 9203
56 9016
48 8776
33 8508
2 7465
4 7467
8 7379
16 7662
32 8178
0 7299
0 7335
1 7343
2 7430
5 7462
11 7629
23 8002
46 8735
28 8241
57 9167
51 8975
39 8401
15 7766
31 8226
63 9311
62 9211
60 9319
57 9320
50 8972
36 8382
9 7909
18 7971
37 8438
11 7675
23 8032
46 8641
29 8350
58 9151
52 9089
40 8485
16 8095
33 8346
2 7556
4 7479
8 7438
17 7865
35 8477
7 7589
15 7721
31 8132
62 9287
60 9280
56 8935
49 8943
35 8347
6 7528
13 7649
27 8216
55 8995
47 8756
30 8296
61 9166
58 9200
52 8983
41 8619
18 7930
36 8413
9 7832
19 7877
39 8427
15 7937
31 8243
62 9302
60 9137
56 9093
49 9151
34 8583
4 7567
8 7510
16 7644
32 8202
0 7265
0 7264
1 7441
3 7410
7 7443
14 7590
29 8078
58 9270
53 8935
43 8729
22 8187
44 8615
24 7957
48 8650
32 8261
1 7489
2 7465
5 7436
10 7717
20 7968
41 8719
18 7947
36 8364
8 7421
17 7890
34 8424
5 7458
11 7737
23 8010
46 8498
28 8463
57 9108
51 8907
38 8526
12 7866
25 8226
50 8897
36 8608
9 7730
18 7830
36 8377
9 7739
18 7901
37 8349
11 7717
22 7965
44 8664
25 8409
50 8894
37 8628
10 7681
21 7890
42 8686
20 7932
41 8763
19 8044
39 8387
15 7822
31 8269
63 9333
62 9269
61 9126
59 9170
54 9086
44 8764
25 8252
50 9101
36 8388
8 7553
17 7916
34 8267
4 7731
8 7432
16 7692
32 8177
1 7399
3 7433
7 7462
15 7664
30 8161
60 9218
56 8995
48 8754
32 8258
1 7490
3 7499
7 7443
14 7672
28 8215
57 9114
50 8979
37 8466
11 7873
23 7955
47 8663
30 8185
61 9174
59 9319
55 9171
47 8700
31 8325
63 9316
62 9160
61 9206
59 9284
54 9060
44 8625
24 8085
48 8744
33 8372
2 7465
4 7421
8 7466
17 7905
34 8377
4 7661
8 7466
17 7805
35 8393
7 7515
15 7648
30 8197
60 9213
56 8953
49 9038
35 8509
6 7573
13 7717
26 8128
52 8927
41 8664
19 7923
39 8412
15 7793
30 8133
61 9217
58 9119
53 9037
43 8817
23 8002
47 8707
30 8255
60 9167
56 9169
48 8635
33 8367
2 7466
4 7438
8 7445
16 7704
33 8363
2 7536
5 7517
10 7600
20 7912
41 8662
18 8062
37 8440
11 7666
22 7923
44 8673
25 8154
51 9048
39 8360
15 7903
31 8271
62 9285
61 9245
59 9249
55 8899
47 8686
31 8449
62 9185
61 9293
58 9236
53 9087
43 8733
22 8050
45 8783
26 8168
52 8903
40 8490
17 8008
34 8490
5 7425
10 7706
20 7893
40 8474
16 7819
32 8245
0 7470
1 7587
2 7474
5 7472
10 7721
21 7916
42 8660
21 8033
42 8745
20 8069
40 8422
17 8058
34 8474
4 7468
9 7714
18 7911
36 8353
9 7755
18 7872
37 8433
10 7642
21 7893
43 8825
23 7919
47 8641
31 8320
63 9183
63 9216
62 9139
60 9182
56 9025
48 8796
32 8245
0 7312
0 7227
1 7406
2 7443
4 7443
8 7475
16 7675
32 8184
1 7517
3 7546
6 7454
12 7661
25 8173
51 8891
39 8607
15 7709
30 8078
61 9191
58 9144
53 8914
42 8681
20 8086
41 8585
18 7971
37 8425
10 7693
20 7906
40 8452
16 7721
32 8221
1 7635
2 7379
5 7429
11 7687
22 7952
44 8726
25 8183
50 9048
37 8522
10 7740
20 7924
40 8430
16 7811
32 8208
0 7263
1 7379
3 7396
7 7402
14 7679
28 8203
56 8925
49 8884
34 8437
5 7582
11 7629
23 7926
47 8678
30 8173
60 9275
56 8917
49 9097
35 8492
7 7573
14 7794
28 8176
57 9210
51 8937
39 8420
14 7855
28 8288
57 9292
51 9204
38 8432
12 7882
24 7952
49 8975
34 8294
5 7410
11 7728
23 7959
46 8596
29 8182
58 9125
53 8911
42 8689
20 8118
41 8681
19 8096
38 8474
12 7712
24 7954
48 8615
32 8263
0 7227
1 7465
3 7407
6 7443
13 7646
26 8198
53 9119
42 8703
20 8030
41 8617
19 7961
38 8420
12 7734
24 7923
49 8875
34 8531
5 7429
10 7678
20 7882
40 8456
17 8009
35 8378
7 7577
15 7692
31 8243
63 9230
62 9275
61 9275
58 9153
53 8967
43 8686
23 8049
47 8652
31 8216
63 9224
62 9249
61 9152
59 9151
54 9015
45 8747
27 8160
55 9044
46 8696
28 8288
57 9217
50 8952
37 8655
10 7888
20 8008
41 8720
19 7944
39 8452
14 7703
29 8179
59 9144
54 9038
45 8746
26 8176
52 8862
40 8392
16 7938
32 8215
0 7479
0 7492
1 7466
2 7430
5 7441
11 7678
22 7970
44 8704
24 8133
48 8748
32 8099
0 7191
0 7155
1 7419
3 7466
6 7472
13 7707
27 8239
54 8999
44 8741
25 8190
50 8979
37 8517
10 7853
21 7891
43 8631
58 9045
52 8878
41 8739
18 8190
36 8453
8 7569
16 7772
32 8278
0 7285
1 7452
2 7515
4 7379
8 7407
16 7639
33 8432
3 7379
6 7443
12 7691
24 7917
48 8623
32 8219
1 7463
3 7440
7 7389
14 7613
29 8066
58 9267
52 8987
41 8728
18 8052
37 8556
11 7825
22 8006
45 8681
26 8400
53 8823
42 8789
20 8112
40 8365
16 7801
32 8318
1 7539
3 7507
7 7398
15 7736
31 8170
63 9183
62 9309
61 9098
59 9190
55 8877
46 8877
28 8236
56 8960
49 8957
35 8479
6 7639
13 7611
27 8180
54 8838
44 8824
24 8125
49 8996
35 8445
7 7526
14 7761
28 8202
56 9018
49 8919
35 8592
7 7501
15 7623
31 8163
63 9231
63 9291
63 9336
62 9441
61 9143
58 9196
52 8948
40 8562
17 8228
34 8469
5 7541
10 7759
20 7860
40 8410
17 7998
35 8474
7 7604
14 7716
28 8266
57 9073
50 8856
37 8607
11 7704
22 7948
44 8735
24 7873
49 8997
34 8434
4 7573
9 7663
19 7919
39 8417
14 7764
28 8122
57 9211
51 8987
38 8457
12 7742
25 8157
51 8893
39 8573
15 7882
31 8177
63 9158
63 9310
62 9187
60 9277
57 9172
51 9175
38 8600
13 7829
27 8231
55 9002
46 8689
28 8159
56 8958
49 8990
34 8495
4 7495
8 7427
17 7986
35 8468
6 7454
13 7728
26 8175
52 8904
40 8629
17 7924
35 8346
7 7526
14 7696
28 8137
56 8969
48 8752
32 8287
1 7408
2 7429
5 7443
10 7635
20 7909
41 8757
19 8015
38 8439
13 7806
26 8223
52 8957
40 8484
16 7789
33 8364
2 7428
4 7463
9 7686
18 7948
36 8329
8 7752
17 7943
35 8334
7 7537
14 7640
29 8212
58 9167
52 8827
41 8736
18 8027
37 8489
10 7639
21 7983
42 8662
21 7954
42 8681
20 8043
40 8437
17 8030
35 8420
6 7637
12 7681
24 7940
49 8933
34 8446
4 7619
9 7648
18 7847
37 8435
10 7771
20 7903
40 8369
17 8066
34 8449
5 7486
10 7667
20 7911
41 8641
19 8022
38 8434
13 7805
26 8198
52 8908
40 8590
17 8038
34 8348
4 7765
8 7686
17 7936
35 8283
6 7629
12 7814
24 7978
48 8846
33 8518
2 7443
4 7384
8 7379
17 7977
34 8370
5 7623
11 7943
23 8012
46 8678
28 8391
56 8955
48 8692
32 8359
0 7442
1 7395
3 7371
7 7492
15 7693
30 8163
61 9052
59 9151
54 9078
45 8740
27 8245
54 8826
45 8695
26 8290
52 9060
41 8632
18 8203
37 8456
10 7845
21 7976
43 8682
22 8062
44 8717
25 8197
51 9060
38 8466
13 7692
27 8156
55 9028
47 8733
30 8139
60 9218
57 9171
50 8963
37 8442
10 7755
20 7903
41 8642
18 7944
37 8374
11 7731
22 7938
45 8779
27 8226
55 8935
47 8721
31 8252
63 9280
63 9227
62 9207
60 9200
56 9138
49 8976
35 8499
7 7510
15 7662
30 8177
61 9108
58 9137
53 9049
42 8640
21 8154
42 8619
21 8053
43 8622
23 7922
46 8703
28 8365
57 9154
51 9036
39 8520
15 7717
31 8171
62 9136
61 9176
59 9237
54 8887
45 8773
26 8315
53 8887
42 8592
20 8086
40 8435
17 8025
34 8415
5 7503
11 7716
22 7932
45 8713
26 8251
52 8997
40 8430
17 7883
35 8392
7 7679
15 7634
30 8159
61 9291
59 9118
55 9155
47 8692
30 8207
60 9233
57 9229
50 9023
36 8487
9 7690
19 7995
39 8407
15 7893
31 8192
63 9279
62 9197
61 9226
58 9273
53 8977
42 8692
21 8069
42 8640
20 7962
40 8460
17 8114
34 8348
5 7566
10 7619
21 7922
42 8599
20 7913
41 8673
19 8233
38 8491
13 7763
27 8103
55 8932
46 8654
29 8231
59 9162
55 8973
47 8713
30 8291
60 9149
57 9260
50 8986
37 8554
11 7662
22 7936
45 8584
27 8283
54 8911
44 8778
25 8240
50 9040
37 8648
11 7825
23 8017
46 8755
29 8295
59 9192
55 9131
47 8716
30 8308
60 9167
56 9095
48 8880
33 8483
3 7568
7 7523
15 7644
30 8120
61 9275
58 9069
53 9105
42 8926
20 8026
41 8739
19 8142
38 8432
13 7760
27 8167
54 8905
44 8706
25 8246
50 8963
37 8402
10 7843
20 7963
40 8313
17 7982
35 8362
6 7443
12 7698
24 7953
48 8699
33 8349
3 7520
6 7380
13 7692
27 8183
55 8937
46 8699
28 8127
57 9180
51 8962
38 8564
13 7791
26 8281
52 8955
41 8741
19 8093
38 8411
13 7833
27 8
15 7724
31 8096
62 9203
60 9216
57 9269
50 8859
36 8516
9 7889
18 7951
36 8437
8 7443
16 7675
33 8362
3 7584
6 7466
13 7697
27 8126
55 8956
47 8738
30 8257
60 9217
56 9017
49 9039
34 8590
4 7551
9 7809
18 7912
37 8458
11 7622
22 7916
44 8685
25 8198
50 9049
36 8479
9 7841
18 8037
36 8454
9 7787
18 7906
37 8505
10 7681
21 7893
43 8664
22 7979
45 8611
26 8231
53 8893
43 8671
23 7905
46 8697
29 8298
59 9232
54 9049
44 8626
25 8284
51 8775
39 8561
15 7749
30 8190
61 9216
58 9332
52 9153
40 8370
16 7797
33 8394
3 7517
6 7407
13 7694
26 8132
53 8981
42 8664
20 8124
41 8527
19 8060
39 8472
14 7904
29 8230
58 9105
53 8912
43 8695
23 8020
47 8682
31 8267
63 9112
62 9128
61 9180
59 9192
54 9032
44 8637
24 8099
48 8776
32 8376
0 7299
0 7155
1 7321
2 7343
5 7494
10 7661
20 7935
41 8766
18 7914
37 8467
10 7760
20 7913
40 8442
16 7843
33 8583
2 7700
5 7488
11 7635
23 7954
47 8673
31 8180
63 9256
63 9287
63 9172
63 9185
63 9209
62 9229
61 9276
59 9292
55 9034
46 8740
28 8322
56 8988
48 8732
33 8326
3 7559
6 7443
13 7649
26 8141
53 8821
42 8661
21 7939
42 8703
20 7943
41 8773
18 7961
37 8454
10 7828
20 7934
40 8481
16 7666
32 8219
1 7646
2 7393
4 7443
9 7691
19 7927
38 8416
13 7704
27 8081
55 9000
46 8663
29 8227
58 9280
53 9072
43 8702
22 8054
44 8593
25 8219
50 8899
37 8555
10 7708
21 7968
42 8643
20 7939
40 8399
17 8108
34 8405
5 7493
11 7739
23 7994
47 8771
31 8194
62 9315
61 9225
59 9154
55 8972
46 8759
28 8334
56 8977
48 8762
33 8434
3 7502
6 7407
13 7731
27 8184
55 8981
47 8779
31 8254
62 9218
61 9282
58 9231
53 9062
42 8794
21 8205
43 8788
23 7959
47 8868
30 8185
61 9264
58 9180
52 9018
41 8630
19 7938
38 8391
13 7725
27 8174
54 8941
45 8832
26 8240
52 9012
40 8486
17 8050
34 8440
5 7343
11 7678
22 7922
45 8733
27 8229
54 9067
44 8872
25 8543
50 9043
37 8576
11 7849
23 7955
47 8696
30 8351
61 9273
58 9177
52 8894
41 8748
19 8134
38 8364
13 7873
26 8158
52 8942
40 8600
17 8012
34 8307
5 7481
11 7738
22 7944
44 8768
25 8249
50 8961
37 8464
11 7700
23 7961
47 8838
30 8159
61 9204
59 9298
54 8859
44 8657
25 8229
51 8893
39 8583
15 7615
30 8239
61 9224
59 9211
55 9129
46 8810
28 8197
56 9015
48 8721
32 8170
1 7615
2 7515
5 7379
10 7666
20 7868
40 8531
17 7952
35 8312
7 7690
15 7801
30 8180
61 9250
59 9265
55 8872
47 8884
30 8419
61 9316
59 9192
54 9012
44 8807
25 8215
50 9021
37 8356
11 7739
22 7866
44 8717
25 8292
51 8908
39 8523
15 7957
31 8218
63 9193
63 9309
63 9264
62 9214
60 9279
57 9230
51 8962
38 8467
13 7778
26 8211
52 8884
41 8602
18 8051
37 8441
11 7795
23 7896
46 8715
29 8198
59 9195
55 9082
47 8686
30 8153
60 9286
56 8985
48 8642
32 8309
0 7353
0 7155
0 7155
1 7379
3 7407
7 7435
15 7665
30 8190
60 9140
57 9297
50 9052
37 8459
10 7782
20 7847
40 8398
17 7907
34 8395
4 7565
8 7518
17 7906
34 8378
4 7527
8 7519
17 7865
34 8410
5 7562
11 7721
23 7954
47 8636
30 8230
61 9284
58 9148
53 8926
42 8714
21 7952
42 8698
20 7954
40 8474
17 7954
35 8348
6 7603
13 7683
27 8176
55 8903
46 8845
28 8231
56 8971
48 8717
33 8399
2 7538
4 7344
9 7614
18 7962
37 8455
10 7649
20 7954
41 8669
18 8067
36 8406
9 7745
19 7971
39 8466
15 7911
31 8130
62 9261
60 9171
57 9166
51 9007
38 8478
13 7666
27 8159
55 8907
46 8742
29 8231
58 9347
53 8991
43 8761
22 8046
44 8650
24 8061
49 8986
34 8651
4 7455
8 7405
17 7851
35 8454
6 7498
13 7685
27 8144
55 9018
46 8742
29 8143
59 9231
54 9149
44 8739
24 8011
48 8786
33 8500

3 7590
7 7523
14 7797
28 8070
56 8911
49 8961
35 8421
7 7594
15 7819
30 8170
60 9268
57 9347
50 8906
36 8631
9 7859
18 7992
36 8497
8 7489
17 7982
34 8444
5 7560
11 7819
21 8213
63 9213
62 9216
61 9149
59 9128
54 9182
44 8655
24 8119
48 8697
32 8358
1 7479
3 7467
7 7494
15 7668
30 8224
60 9236
57 9066
50 9000
36 8538
8 7495
16 7628
32 8136
1 7418
2 7425
4 7420
8 7407
17 7857
35 8409
7 7515
15 7685
31 8249
63 9233
62 9234
61 9228
58 9247
53 9077
42 8799
21 8066
42 8795
21 7977
43 8781
22 8012
44 8616
25 8158
51 8916
39 8502
14 7657
29 8275
59 9137
55 9063
47 8766
31 8394
63 9300
63 9239
63 9180
63 9271
62 9237
60 9263
57 9094
51 8991
39 8468
14 7739
29 8313
58 9121
53 8858
43 8808
23 7945
46 8691
29 8319
59 9125
55 8992
46 8595
29 8386
58 9214
52 8973
40 8502
16 7817
32 8212
0 7359
1 7456
3 7402
6 7384
13 7689
26 8035
53 9034
42 8664
21 8175
43 8755
23 8043
46 8694
29 8150
59 9232
54 9009
45 8747
27 8258
54 8951
44 8707
25 8280
50 8978
37 8456
10 7674
21 7965
43 8648
22 8083
45 8731
27 8074
55 9082
46 8788
28 8224
57 9207
50 9069
36 8742
8 7421
17 7891
34 8585
4 7513
8 7468
16 7739
33 8437
3 7475
7 7498
15 7664
31 8274
62 9158
60 9291
57 9092
51 9070
39 8616
15 7837
31 8322
62 9253
61 9150
59 9282
55 9064
47 8734
31 8300
63 9291
63 9154
63 9163
62 9105
60 9145
56 8944
49 8884
34 8512
4 7559
9 7750
19 7966
39 8427
15 7880
31 8239
62 9089
61 9153
58 9131
53 9068
43 8783
23 8018
47 8795
30 8211
61 9193
59 9268
54 8897
44 8819
24 8034
49 8958
35 8595
7 7484
15 7800
30 8127
61 9265
59 9158
54 9110
44 8596
24 8025
49 8897
34 8570
4 7519
9 7611
19 7880
38 8378
12 7666
24 7947
48 8766
32 8211
1 7379
3 7393
6 7492
13 7631
27 8189
54 8910
45 8710
27 8310
54 8991
45 8679
27 8314
54 9040
45 8639
26 8155
52 8957
40 8452
17 7938
34 8399
4 7583
8 7401
16 7738
32 8176
0 7310
1 7471
3 7443
6 7439
13 7661
27 8218
55 9106
47 8763
30 8292
60 9242
56 9014
49 9067
34 8526
4 7576
9 7766
19 7940
38 8356
12 7645
24 7929
49 8835
34 8420
5 7589
10 7684
20 7925
41 8672
19 7891
38 8457
12 7862
25 8097
50 8793
37 8416
11 7909
22 7980
45 8765
26 8253
53 8926
43 8730
22 8061
44 8792
25 8268
51 8989
39 8453
14 7802
29 8203
59 9205
54 8939
45 8827
27 8357
54 8913
45 8639
26 8200
52 8935
41 8690
19 7985
38 8494
12 7660
25 8231
51 8877
39 8403
14 7664
28 8165
57 9167
51 8907
38 8597
13 7743
27 8270
55 8895
47 8753
30 8477
60 9058
56 9021
48 8854
33 8299
2 7691
4 7443
8 7443
17 7814
35 8471
6 7579
13 7705
26 8214
52 8950
40 8506
17 7982
35 8459
7 7482
15 7649
31 8152
62 9254
61 9221
58 9223
53 9088
43 8720
23 7990
46 8662
29 8219
58 9179
52 8892
40 8449
16 7679
32 8159
1 7585
3 7443
6 7407
12 7651
25 8168
50 8871
36 8598
8 7510
16 7723
32 8164
0 7338
0 7191
1 7394
2 7379
5 7432
10 7713
21 7880
42 8649
20 7952
40 8517
17 7937
35 8397
6 7555
13 7679
26 8210
53 8930
43 8710
22 8273
45 8690
27 8248
54 8922
45 8765
26 8117
52 9008
41 8825
19 8055
38 8442
13 7834
26 8185
53 8951
43 8682
22 8044
44 8682
25 8152
50 8994
36 8523
9 7972
18 7891
37 8457
11 7827
23 8053
47 8599
31 8272
62 9256
61 9234
58 9150
52 8958
40 8527
17 8134
34 8483
4 7442
8 7494
17 7893
34 8473
5 7479
10 7631
20 7936
41 8739
18 7979
36 8493
9 7687
19 7923
38 8340
12 7742
25 8105
50 8932
36 8439
8 7470
17 7904
35 8402
6 7623
12 7716
25 8193
50 8903
37 8537
11 8073
22 7957
45 8663
27 8261
55 8968
47 8791
30 8176
60 9240
57 9121
50 8991
37 8443
11 7764
22 7943
45 8722
26 8286
52 9034
41 8718
18 8022
36 8391
9 7754
19 8005
38 8449
12 7721
24 7907
49 8979
35 8378
6 7524
12 7693
24 7959
49 8983
34 8569
4 7515
8 7500
17 7965
34 8533
5 7443
10 7645
20 7884
41 8627
19 8003
39 8483
15 7850
30 8166
60 9190
56 9077
49 9019
34 8492
4 7454
9 7612
19 7954
38 8471
13 7916
26 8196
53 8919
43 8722
23 7877
47 8727
30 8097
61 9313
59 9258
55 9134
46 8752
28 8226
57 9302
51 9058
39 8573
14 7805
29 8187
59 9221
54 9075
45 8781
27 8438
55 8901
46 8719
29 8278
58 9245
52 9050
40 8443
17 8024
35 8410
6 7540
13 7696
26 8189
52 8872
40 8503
16 7767
32 8197
0 7228
1 7371
2 7453
5 7390
10 7683
21 7915
42 8728
20 7996
41 8688
19 7919
39 8377
14 7740
28 8151
56 8882
49 8929
34 8384
5 7553
10 7703
21 7960
42 8758
21 7962
43 8662
22 8106
45 8746
26 8141
52 9031
41 8737
18 7992
37 8469
11 7720
23 7920
47 8652
31 8399
63 9227
62 9299
60 9205
57 9213
50 8982
36 8518
8 7595
16 7726
33 8458
3 7551
7 7434
14 7676
28 8261
57 9206
51 8956
38 8534
13 7822
27 8130
55 8891
46 8724
29 8438
58 9143
53 9084
43 8741
22 8199
45 8654
27 8242
55 8972
47 8831
31 8347
62 9404
61 9358
59 9279
54 9070
45 8748
27 8245
55 8995
46 8722
28 8227
57 9290
51 8970
39 8427
14 7700
29 8143
58 9244
53 9245
42 8735
20 7990
40 8493
16 7824
32 8262
1 7475
2 7418
4 7443
8 7443
17 7937
34 8452
5 7579
11 7648
23 7966
47 8703
30 8213
60 9236
56 9001
49 8830
34 8600
4 7561
8 7423
17 7913
35 8428
6 7685
12 7677
25 8157
51 8858
38 8610
12 7842
24 7908
48 8785
32 8194
1 7355
2 7475
4 7405
9 7663
18 7966
37 8361
11 7745
23 7904
47 8733
30 8182
60 9241
56 8960
48 8834
33 8557
3 7487
7 7443
15 7670
31 8221
62 9253
61 9230
59 9370
55 8900
46 8671
29 8265
59 9203
54 9117
44 8797
25 8157
50 9088
36 8453
9 7758
19 7865
39 8442
14 7710
29 8182
59 9038
55 9041
46 8679
29 8402
59 9139
55 8966
47 8670
31 8202
63 9161
62 9311
61 9251
59 9161
55 9010
47 8741
30 8219
61 9215
58 9148
53 8932
43 8624
23 7994
47 8746
30 8268
60 9359
57 9249
50 8783
36 8556
9 7859
19 7919
38 8487
13 7751
26 8184
52 9079
40 8438
16 7727
33 8347
3 7489
7 7408
14 7615
28 8180
56 8932
48 8806
33 8632
3 7626
7 7420
15 7719
30 8182
61 9214
58 9226
52 9023
40 8417
17 7964
35 8414
7 7595
14 7661
29 8147
58 9255
52 8767
41 8690
19 7922
39 8491
14 7705
28 8184
56 8993
49 8853
34 8498
4 7407
8 7426
17 7925
35 8447
6 7596
13 7697
27 8178
55 9031
46 8650
29 8237
58 9286
53 8866
43 8777
23 8113
47 8624
31 8222
63 9295
63 9239
63 9263
63 9272
63 9191
63 9259
62 9273
61 9240
59 9177
54 8968
44 8648
25 8143
50 8920
36 8542
9 7749
18 7979
37 8369
10 7896
21 7827
43 8758
23 8072
46 8758
29 8404
59 9148
55 9009
46 8851
28 8245
56 8937
49 9041
35 8525
6 7582
12 7810
25 8136
51 8856
39 8511
15 7724
30 8219
60 9223
57 9324
50 9060
37 8654
10 7757
20 8063
41 8787
18 7988
36 8420
8 7613
16 7698
33 8417
3 7696
6 7461
13 7631
26 8175
53 8959
43 8747
22 8014
45 8661
26 8170
53 8965
43 8712
22 8058
44 8750
25 8300
51 9108
39 8547
14 7751
28 8246
57 9120
51 8992
38 8420
13 7817
26 8179
52 8907
41 8876
19 8150
38 8381
12 8024
24 7892
49 8970
35 8502
6 7477
13 7684
27 8175
55 8981
47 8642
30 8156
61 9117
59 9278
55 9021
47 8868
30 8262
60 9252
57 9250
51 8856
39 8537
14 7911
29 8219
59 9183
54 9060
44 8837
24 8003
49 8925
34 8647
4 7546
9 7607
19 7915
38 8443
13 7887
26 8187
52 9015
40 8545
16 7891
32 8097
1 7479
3 7385
6 7438
13 7611
27 8251
54 9005
45 8746
26 8173
52 9043
40 8588
17 8159
34 8375
4 7669
8 7514
17 7975
34 8445
5 7588
11 7694
22 7900
45 8689
26 8278
53 9073
42 8745
21 7968
42 8673
20 7906
40 8516
16 7827
33 8448
3 7512
6 7420
13 7689
27 8224
55 9049
46 8732
28 8247
56 8928
48 8833
32 8303
1 7521
3 7443
7 7418
15 7693
31 8179
62 9200
60 9365
57 9197
51 8908
39 8474
15 7871
31 8186
62 9179
61 9230
59 9323
55 8857
46 8641
29 8242
59 9174
54 8873
45 8714
26 8299
53 8986
42 8681
21 8078
43 8692
22 7933
45 8716
27 8255
55 8993
47 8748
31 8226
62 9146
61 9167
58 9317
53 8930
43 8745
23 8101
46 8657
29 8231
59 9155
55 9089
46 8736
28 8253
57 9243
50 8914
37 8443
11 7744
22 8114
45 8693
27 8099
55 9001
46 8829
28 8220
57 9184
50 9007
36 8545
8 7770
17 7993
35 8336
7 7605
14 7685
29 8099
59 9201
54 8990
44 8727
25 8294
50 8985
37 8498
11 7814
22 7977
45 8732
27 8237
54 8974
45 8800
27 8189
54 9001
45 8700
26 8274
52 8960
41 8710
19 7994
38 8419
12 7748
25 8155
50 8926
36 8464
8 7476
17 7831
35 8408
6 7564
13 7762
26 0 8393
17 7988
35 8338
7 7614
14 7638
28 8210
57 9251
50 9020
36 8588
8 7669
16 7750
32 8278
0 7263
1 7368
3 7475
6 7475
12 7688
24 7965
48 8719
33 8396
3 7511
6 7504
13 7737
27 8169
54 8976
44 8690
24 8014
49 8857
34 8566
4 7539
8 7475
16 7740
32 8219
1 7465
2 7343
5 7474
10 7616
21 7948
42 8717
21 8110
43 8726
23 7977
47 8668
30 8272
60 9153
56 9006
49 8976
35 8491
6 7635
12 7656
24 7976
49 8944
34 8671
5 7629
10 7706
21 8009
43 8784
23 7863
46 8724
29 8227
59 9178
55 9117
47 8780
31 8300
63 9283
63 9234
62 9239
60 9338
57 9442
51 8960
38 8533
12 7854
25 8364
51 8937
39 8515
15 7843
30 8125
60 9214
56 8982
48 8865
32 8178
1 7599
2 7580
5 7433
10 7683
21 7946
42 8722
21 8052
42 8645
20 7912
41 8779
19 8018
39 8406
15 7736
30 8124
61 9201
59 9197
54 8816
45 8760
27 8387
55 8894
47 8568
30 8303
60 9275
57 9262
51 8995
39 8423
14 7635
29 8144
58 9222
53 8958
43 8763
23 7987
46 8828
28 8349
56 9054
48 8733
32 8341
1 7483
2 7443
4 7443
9 7606
19 7931
38 8470
12 7839
25 8150
50 8862
37 8517
11 7771
22 7896
45 8649
26 8306
53 8983
43 8776
23 8162
46 8623
28 8108
57 9285
50 8901
37 8365
11 7735
22 7959
44 8705
24 7994
48 8745
32 8192
0 7285
1 7392
3 7462
7 7439
14 7681
29 8222
58 9192
52 9098
40 8546
17 8094
34 8414
4 7589
8 7464
16 7701
33 8426
2 7461
5 7518
11 7713
23 7871
47 8747
31 8240
62 9132
61 9253
59 9165
55 9085
46 8787
28 8276
57 9156
51 9042
38 8573
13 7715
26 8175
53 8911
42 8820
20 8067
41 8716
18 8100
36 8430
9 7823
18 7919
36 8339
8 7658
17 7901
35 8350
7 7663
15 7704
30 8145
61 9082
58 9196
53 8980
43 8748
23 7994
46 8614
29 8309
59 9194
55 8958
47 8808
31 8225
62 9187
60 9178
56 8825
48 8648
33 8419
3 7650
6 7537
12 7721
25 8149
51 8881
38 8461
12 7861
25 8225
50 8821
36 8553
9 7887
18 7969
37 8392
11 7859
22 8005
44 8694
24 7926
48 8601
33 8556
2 7468
4 7535
9 7656
19 8022
39 8440
15 7734
30 8274
61 9284
59 9241
54 8993
44 8799
24 8095
49 8944
35 8553
6 7718
12 7792
24 7967
49 9020
35 8512
6 7601
12 7760
25 8199
51 9001
39 8460
15 7749
30 8202
61 9251
58 9283
53 9029
42 8932
20 7910
41 8660
19 8087
38 8475
13 7745
27 8057
55 8901
47 8734
30 8190
61 9164
59 9198
54 9005
45 8658
26 8196
53 8878
43 8762
23 8062
46 8660
28 8300
57 9152
51 9046
38 8477
13 7735
27 8126
54 8867
44 8679
24 8008
49 8826
35 8425
7 7739
15 7843
31 8105
63 9198
63 9216
62 9218
61 9303
59 9244
54 8960
45 8819
26 8155
53 8974
43 8649
22 8040
45 8780
27 8246
55 8979
47 8666
31 8295
63 9251
63 9226
63 9163
62 9272
61 9146
58 9221
53 8901
43 8690
22 8013
44 8732
25 8115
50 8943
37 8600
10 7791
21 8052
43 8742
23 8035
46 8679
28 8199
56 8904
48 8642
33 8578
3 7648
7 7443
14 7634
28 8163
57 9252
50 8921
37 8522
11 7828
23 7952
47 8645
30 8262
60 9236
56 8898
48 8768
32 8234
1 7393
3 7514
7 7443
14 7655
29 8200
58 9200
52 9053
40 8529
17 7939
34 8478
4 7773
8 7545
16 7664
33 8473
2 7479
4 7477
8 7441
17 7887
34 8334
5 7590
11 7659
23 7944
47 8754
30 8320
61 9252
58 9222
53 8869
43 8671
22 8009
45 8705
26 8255
53 8961
42 8684
20 8127
41 8750
18 8011
36 8415
8 7817
16 7769
33 8473
2 7638
4 7595
9 7757
18 7937
36 8402
9 7641
18 7919
37 8465
10 7705
21 7902
43 8633
22 8074
44 8787
24 7898
49 9062
35 8538
6 7704
13 7634
26 8198
52 8934
40 8530
16 7805
32 8207
1 7488
2 7471
5 7443
10 7620
20 7909
40 8496
17 8078
35 8290
6 7517
12 7831
24 7886
49 9016
35 8466
7 7599
14 7696
29 8295
59 9247
54 9075
44 8781
25 8249
51 8952
38 8438
12 7663
25 8156
51 9065
38 8394
12 7767
24 8001
49 8849
34 8455
5 7591
11 7826
23 7933
47 8724
30 8257
60 9220
56 8914
49 8931
35 8588
7 7523
14 7671
28 8024
57  8704
27 8226
55 8899
47 8688
31 8178
63 9148
62 9221
61 9206
58 9248
52 9117
40 8507
16 7830
33 8373
3 7476
7 7418
14 7664
28 8176
56 8985
48 8667
32 8272
0 7338
0 7335
1 7501
2 7402
4 7379
8 7443
17 7955
35 8466
6 7418
13 7656
26 8199
53 8995
42 8757
20 7999
40 8439
16 7871
32 8210
1 7540
3 7504
7 7505
14 7586
29 8143
59 9229
54 9037
45 8782
26 8216
52 8939
40 8508
17 7956
34 8421
5 7625
10 7612
21 7900
42 8715
20 7918
40 8426
16 7733
32 8178
1 7632
3 7596
7 7494
14 7667
29 8130
59 9131
55 9074
46 8695
28 8329
56 9006
48 8794
33 8593
3 7595
7 7495
15 7644
31 8192
62 9197
61 9084
58 9120
53 8892
43 8724
22 8013
45 8727
26 8204
53 9027
43 8675
22 7922
44 8725
25 8302
51 8962
38 8470
13 7802
26 8238
53 8956
43 8584
23 8083
46 8644
29 8218
58 9293
52 8971
40 8471
17 8082
34 8363
4 7488
8 7415
17 7987
35 8502
6 7487
13 7693
26 8181
52 8866
40 8441
17 7939
34 8330
4 7565
9 7631
19 7977
38 8400
13 7942
26 8124
52 8956
41 8775
19 7941
38 8433
13 7744
26 8139
52 9034
40 8540
17 8063
34 8387
4 7608
8 7535
16 7612
33 8421
2 7596
5 7549
11 7714
22 7870
45 8711
27 8272
54 9115
45 8914
27 8284
55 8959
46 8774
29 8363
58 9183
52 9039
41 8667
19 7927
38 8416
13 7654
27 8184
55 8925
47 8773
31 8252
63 9291
63 9226
63 9242
62 9148
61 9315
58 9255
53 8947
42 8884
20 8051
40 8546
16 7793
32 8132
1 7542
3 7503
6 7407
13 7698
27 8158
54 8951
45 8707
27 8233
55 8913
46 8609
28 8201
57 9121
51 8873
39 8429
15 7824
31 8213
62 9260
60 9287
57 9178
50 9072
36 8515
9 7617
19 7935
39 8424
15 7850
31 8202
62 9144
61 9170
58 9209
52 8976
41 8626
19 8124
39 8486
14 7940
28 8221
56 8940
48 8877
33 8369
2 7662
4 7465
8 7434
16 7697
32 8182
0 7410
0 7191
0 7299
0 7155
0 7155
0 7155
1 7474
2 7439
5 7379
10 7626
21 7901
43 8705
23 7993
47 8700
31 8221
62 9171
61 9147
59 9171
54 9029
44 8644
25 8244
50 8920
37 8454
11 7663
22 7972
45 8748
26 8114
53 8869
42 8713
21 7893
42 8741
21 7966
42 8618
20 8013
41 8741
18 7907
36 8383
8 7746
16 7808
33 8529
2 7491
5 7408
11 7672
23 7955
46 8793
29 8210
58 9319
52 8940
41 8595
19 7961
38 8501
12 7646
25 8123
50 9010
36 8569
9 7715
18 7925
36 8452
8 7420
17 7849
35 8540
6 7586
13 7667
27 8104
55 8913
47 8617
31 8216
63 9193
62 9200
61 9181
58 9228
53 8924
43 8668
23 8108
46 8669
28 8277
56 9063
48 8768
32 8294
0 7377
1 7379
3 7438
7 7407
14 7660
29 8143
58 9223
52 8896
40 8418
17 7923
34 8412
5 7576
11 7764
23 7845
47 8644
30 8184
61 9206
58 9152
52 8929
41 8663
18 7994
37 8377
10 7633
20 7979
40 8430
16 7803
33 8516
2 7469
5 7476
11 7607
22 7952
44 8669
24 8009
48 8785
32 8198
0 7266
1 7443
2 7430
4 7409
8 7443
16 7705
32 8169
0 7299
0 7155
1 7379
2 7443
4 7452
8 7443
16 7759
32 8163
1 7343
3 7475
6 7407
12 7642
24 7775
48 8690
32 8265
0 7229
0 7155
0 7155
1 7452
2 7466
5 7402
11 7723
22 7938
45 8672
26 8192
53 8857
42 8779
21 7958
43 8718
22 8044
44 8715
25 8265
51 9002
38 8560
12 7677
24 7964
48 8725
32 8222
0 7310
0 7155
0 7155
1 7407
2 7443
4 7453
8 7420
17 7889
35 8427
7 7527
14 7788
28 8263
56 9074
48 8830
33 8487
3 7603
7 7573
15 7713
30 8156
60 9166
56 9034
49 9033
34 8628
5 7501
11 7689
22 7925
44 8673
24 8181
48 8681
33 8453
2 7545
4 7401
8 7418
16 7661
32 8169
1 7383
2 7466
4 7418
9 7694
19 7916
39 8465
15 7836
30 8233
60 9219
56 9059
49 8866
35 8382
7 7571
15 7716
31 8243
62 9156
60 9260
56 9038
49 8981
35 8520
7 7536
15 7649
31 8159
62 9086
61 9120
58 9191
53 8899
42 8758
20 8102
40 8531
16 7658
32 8222
0 7340
1 7443
2 7561
5 7379
11 7636
23 7831
47 8731
30 8229
60 9122
57 9075
51 9090
38 8614
13 7708
26 8135
53 9061
43 8816
23 7986
468439
7 7510
14 7659
29 8188
59 9267
54 8860
45 8704
26 8253
53 8887
43 8933
23 8057
46 8784
28 8267
57 9021
50 8898
36 8483
9 7799
18 7884
37 8396
11 7879
22 8049
44 8595
25 8212
51 9043
39 8440
14 7776
29 8219
58 9165
52 9161
40 8431
17 8071
35 8356
6 7667
12 7753
24 8001
48 8728
33 8535
3 7546
6 7417
13 7651
27 8171
54 8901
44 8688
24 8027
49 8943
35 8423
7 7481
14 7622
29 8194
59 9274
55 9096
47 8727
31 8259
63 9238
63 9260
63 9269
63 9197
62 9224
61 9253
58 9271
53 8913
42 8657
21 7903
42 8666
21 8149
43 8653
23 7916
47 8708
30 8221
60 9244
57 9299
51 9032
38 8557
12 7945
25 8229
50 8893
37 8441
11 7787
22 8008
45 8747
27 8216
55 8804
46 8751
28 8373
56 9057
49 9001
35 8417
6 7455
13 7695
26 8193
52 9010
40 8611
16 7685
33 8331
2 7611
5 7475
11 7681
23 7878
46 8760
29 8189
59 9123
55 8921
46 8749
29 8227
59 9376
54 9055
44 8707
25 8135
51 8933
39 8349
15 7820
31 8218
63 9108
63 9154
62 9163
60 9179
56 9071
48 8822
32 8218
1 7431
2 7407
4 7394
9 7639
18 7832
37 8474
11 7665
23 7869
47 8655
31 8362
62 9392
60 9202
56 9176
48 8730
32 8241
1 7619
3 7453
7 7444
14 7668
29 8197
58 9112
52 8982
40 8475
17 8016
34 8538
5 7601
10 7670
20 7946
41 8677
18 7896
36 8458
9 7656
18 7917
37 8470
11 7800
23 7903
46 8726
29 8170
59 9249
54 8881
44 8839
24 7970
48 8712
32 8259
0 7191
1 7466
3 7437
6 7428
12 7703
25 8147
50 8955
36 8587
8 7523
17 8025
35 8424
6 7472
12 7731
24 7944
48 8752
33 8462
3 7703
6 7517
13 7674
26 8116
53 9065
42 8746
20 8030
40 8474
17 7939
34 8370
4 7450
9 7625
19 8009
38 8467
13 7747
26 8166
52 9055
41 8784
18 8132
37 8569
11 7897
22 7863
44 8738
24 7963
49 9015
34 8492
5 7520
11 7664
22 7952
45 8746
26 8228
52 8939
41 8684
18 7966
37 8441
11 7893
22 7939
45 8729
27 8222
55 9035
47 8636
31 8284
63 9188
63 9257
63 9236
62 9166
61 9133
59 9259
55 9136
46 8712
29 8213
59 9217
55 9029
46 8691
28 8185
56 8996
48 8735
33 8549
2 7527
5 7439
10 7693
21 7935
42 8704
20 8098
40 8397
17 7960
35 8438
7 7654
15 7643
30 8173
61 9208
58 9210
53 8921
43 8724
22 8143
44 8603
25 8188
51 8879
39 8514
14 7767
28 8249
57 9181
50 8932
37 8458
10 7706
21 7882
43 8688
23 7960
47 8654
30 8143
60 9271
57 9036
50 9163
36 8580
9 7708
18 7938
37 8473
10 7904
21 7897
43 8697
22 8035
45 8705
26 8292
52 8935
41 8997
19 8039
38 8425
12 7867
24 7991
48 8580
32 8264
0 7249
0 7155
0 7155
0 7155
1 7379
2 7418
4 7407
8 7443
17 7969
35 8431
7 7442
14 7681
29 8155
59 9073
54 8952
45 8707
26 8263
52 8971
40 8530
17 8003
34 8514
5 7611
10 7634
21 7889
43 8654
23 7989
46 8779
29 8172
59 9229
54 8902
44 8660
25 8220
50 9002
37 8643
10 7795
20 8095
41 8529
18 7977
37 8424
11 7972
23 7952
46 8794
28 8094
57 9214
50 9016
37 8580
10 7750
21 7965
43 8645
23 7996
47 8656
31 8289
62 9203
61 9234
59 9366
54 9019
44 8748
25 8163
50 8965
36 8393
8 7496
17 7933
34 8437
4 7570
8 7419
16 7667
32 8241
1 7474
2 7379
4 7373
8 7469
16 7675
32 8223
1 7504
3 7465
6 7418
12 7606
25 8124
51 9085
38 8582
12 7917
25 8066
50 9006
37 8498
11 7798
23 8117
47 8795
30 8248
61 9272
59 9301
54 9063
45 8632
27 8250
55 9059
46 8800
28 8166
57 9207
51 9095
38 8535
13 8006
26 8304
53 8906
43 8663
23 8185
46 8651
29 8216
59 9213
55 9059
47 8729
31 8379
62 9170
60 9236
56 9092
48 8651
33 8450
3 7529
7 7537
15 7643
30 8229
60 9329
57 9294
51 9009
38 8526
13 7865
27 8130
54 8920
45 8829
26 8260
53 9009
43 8660
23 7948
46 8750
29 8316
58 9262
52 8935
41 8644
18 7980
37 8364
11 7837
22 8033
44 8730
25 8203
50 8839
36 8564
8 7452
17 7965
35 8502
7 7407
14 7682
28 8262
57 9202
50 8950
37 8671
10 7707
20 7952
41 8684
18 7968
36 8420
9 7770
18 7947
37 8398
10 7660
20 7965
41 8746
18 8137
37 8404
11 7726
22 7852
44 8739
24 8047
49 8833
35 8588
7 7550
15 7736
31 8228
62 9319
61 9161
59 9159
55 9073
47 8876
31 8370
62 9206
61 9036
59 9119
55 8975
47 8864
30 8236
61 9251
58 9286
53 8972
42 8699
21 8033
43 8619
23 8052
47 8743
30 8392
60 9233
57 9198
51 8914
39 8353
15 7715
31 8126
62 9139
60 9218
56 9034
48 8665
32 8298
1 7584
2 7432
5 7407
10 7618
21 7949
42 8674
20
57 9168
51 9024
38 8724
13 7854
26 8066
53 8862
43 8806
22 8141
44 8741
25 8243
50 8965
36 8454
8 7489
16 7720
33 8409
3 7517
7 7421
14 7664
29 8222
59 9172
54 9034
45 8711
27 8196
54 8897
45 8674
27 8290
54 9049
45 8720
27 8348
55 9027
46 8722
28 8278
57 9130
50 9147
37 8462
10 7825
20 7941
40 8450
16 7801
32 8367
1 7443
3 7438
6 7443
12 7646
25 8138
51 9072
38 8518
13 7788
26 8200
52 8973
40 8377
16 7791
32 8251
1 7612
3 7540
6 7379
13 7655
26 8116
53 8967
42 8736
20 8056
41 8603
18 7945
36 8450
9 7701
19 7947
38 8475
12 7720
24 7994
49 8861
35 8476
6 7525
12 7643
25 8168
51 8919
39 8519
14 7746
28 8234
57 9250
50 8991
36 8350
8 7662
16 7817
33 8387
3 7692
7 7444
14 7652
28 8235
57 9072
51 8910
39 8436
15 7729
31 8282
63 9202
62 9154
60 9172
56 8894
48 8675
32 8251
0 7263
1 7443
2 7343
4 7448
8 7459
16 7684
32 8159
0 7292
0 7155
0 7155
0 7155
0 7155
1 7402
2 7359
4 7475
9 7623
19 7879
39 8432
15 7745
30 8246
61 9244
58 9223
52 9056
40 8522
17 8054
